before

module.js:311
    throw err;
          ^
[object Object]
